../Drivers/CMSIS/Include/core_cm3.h:1511:22:__NVIC_EnableIRQ	16	static
../Drivers/CMSIS/Include/core_cm3.h:1639:22:__NVIC_SetPriority	16	static
../Core/Src/main.c:109:6:delay_ms	24	static
../Core/Src/main.c:115:6:LED_On	4	static
../Core/Src/main.c:120:6:LED_Off	4	static
../Core/Src/main.c:125:6:GPIO_Init_All	4	static
../Core/Src/main.c:142:6:I2C1_Init	4	static
../Core/Src/main.c:158:6:I2C1_Recover	16	static
../Core/Src/main.c:174:9:I2C1_Write	24	static
../Core/Src/main.c:250:9:I2C_CheckAddress	16	static
../Core/Src/main.c:255:9:LCD_FindAddress	8	static
../Core/Src/main.c:284:9:LCD_Pulse	16	static
../Core/Src/main.c:295:9:LCD_Send4Bit	16	static
../Core/Src/main.c:300:9:LCD_Data	16	static
../Core/Src/main.c:311:6:LCD_Init	8	static
../Core/Src/main.c:334:9:LCD_SetCursor	16	static
../Core/Src/main.c:342:9:LCD_Print	16	static
../Core/Src/main.c:353:9:LCD_Command	16	static
../Core/Src/main.c:367:9:LCD_ShowAngle	48	static
../Core/Src/main.c:395:6:Motor_GPIO_Init	4	static
../Core/Src/main.c:414:6:Motor_PWM_Init	4	static
../Core/Src/main.c:434:6:Motor_SetSpeed	16	static
../Core/Src/main.c:443:6:Motor_SetForward	4	static
../Core/Src/main.c:448:6:Motor_SetReverse	4	static
../Core/Src/main.c:454:6:Motor_Coast	8	static
../Core/Src/main.c:462:6:Motor_SetSignedPWM	16	static
../Core/Src/main.c:490:6:Motor_Stop	8	static
../Core/Src/main.c:495:6:Motor_Init_All	8	static
../Core/Src/main.c:502:6:Motor_Button_Update	16	static
../Core/Src/main.c:547:6:Encoder_Init	4	static
../Core/Src/main.c:575:9:Encoder_ReadCount	4	static
../Core/Src/main.c:581:6:Angle_Update	16	static
../Core/Src/main.c:604:6:Warning_Update	8	static
../Core/Src/main.c:619:6:PID_Control_Update	32	static
../Core/Src/main.c:670:6:TIM4_10ms_Init	8	static
../Core/Src/main.c:689:6:TIM4_IRQHandler	8	static
../Core/Src/main.c:712:5:main	8	static
../Core/Src/main.c:740:6:SystemClock_Config	72	static
../Core/Src/main.c:780:6:Error_Handler	4	static,ignoring_inline_asm
