../Drivers/CMSIS/Include/core_cm3.h:1511:22:__NVIC_EnableIRQ	16	static
../Drivers/CMSIS/Include/core_cm3.h:1639:22:__NVIC_SetPriority	16	static
../Core/Src/main.c:110:6:delay_ms	24	static
../Core/Src/main.c:116:6:LED_On	4	static
../Core/Src/main.c:121:6:LED_Off	4	static
../Core/Src/main.c:126:6:GPIO_Init_All	4	static
../Core/Src/main.c:146:6:I2C1_Init	4	static
../Core/Src/main.c:162:6:I2C1_Recover	16	static
../Core/Src/main.c:178:9:I2C1_Write	24	static
../Core/Src/main.c:259:9:I2C_CheckAddress	16	static
../Core/Src/main.c:264:9:LCD_FindAddress	8	static
../Core/Src/main.c:293:9:LCD_Pulse	16	static
../Core/Src/main.c:304:9:LCD_Send4Bit	16	static
../Core/Src/main.c:309:9:LCD_Data	16	static
../Core/Src/main.c:320:6:LCD_Init	8	static
../Core/Src/main.c:343:9:LCD_SetCursor	16	static
../Core/Src/main.c:351:9:LCD_Print	16	static
../Core/Src/main.c:362:9:LCD_Command	16	static
../Core/Src/main.c:376:9:LCD_ShowAngle	48	static
../Core/Src/main.c:405:6:Motor_GPIO_Init	4	static
../Core/Src/main.c:428:6:Motor_PWM_Init	4	static
../Core/Src/main.c:450:6:Motor_SetSpeed	16	static
../Core/Src/main.c:460:6:Motor_SetForward	4	static
../Core/Src/main.c:465:6:Motor_SetReverse	4	static
../Core/Src/main.c:471:6:Motor_Coast	8	static
../Core/Src/main.c:479:6:Motor_SetSignedPWM	16	static
../Core/Src/main.c:507:6:Motor_Stop	8	static
../Core/Src/main.c:512:6:Motor_Init_All	8	static
../Core/Src/main.c:519:6:Motor_Button_Update	16	static
../Core/Src/main.c:614:6:Encoder_Init	4	static
../Core/Src/main.c:647:9:Encoder_ReadCount	4	static
../Core/Src/main.c:653:6:Angle_Update	16	static
../Core/Src/main.c:688:6:Warning_Update	8	static
../Core/Src/main.c:703:6:PID_Control_Update	32	static
../Core/Src/main.c:761:6:TIM4_10ms_Init	8	static
../Core/Src/main.c:784:6:TIM4_IRQHandler	8	static
../Core/Src/main.c:807:5:main	8	static
../Core/Src/main.c:834:6:SystemClock_Config	72	static
../Core/Src/main.c:874:6:Error_Handler	4	static,ignoring_inline_asm
