../Drivers/CMSIS/Include/core_cm3.h:1511:22:__NVIC_EnableIRQ	16	static
../Drivers/CMSIS/Include/core_cm3.h:1639:22:__NVIC_SetPriority	16	static
../Core/Src/main.c:62:6:delay_ms	24	static
../Core/Src/main.c:68:6:LED_On	4	static
../Core/Src/main.c:73:6:LED_Off	4	static
../Core/Src/main.c:78:6:GPIO_Init_All	4	static
../Core/Src/main.c:91:6:I2C1_Init	4	static
../Core/Src/main.c:104:6:I2C1_Recover	16	static
../Core/Src/main.c:119:9:I2C1_Write	24	static
../Core/Src/main.c:189:9:I2C_CheckAddress	16	static
../Core/Src/main.c:194:9:LCD_FindAddress	8	static
../Core/Src/main.c:221:9:LCD_Pulse	16	static
../Core/Src/main.c:230:9:LCD_Send4Bit	16	static
../Core/Src/main.c:235:9:LCD_Data	16	static
../Core/Src/main.c:245:6:LCD_Init	8	static
../Core/Src/main.c:263:9:LCD_SetCursor	16	static
../Core/Src/main.c:271:9:LCD_Print	16	static
../Core/Src/main.c:281:9:LCD_Command	16	static
../Core/Src/main.c:292:9:LCD_ShowSpeed	48	static
../Core/Src/main.c:307:6:Motor_GPIO_Init	4	static
../Core/Src/main.c:321:6:Motor_PWM_Init	4	static
../Core/Src/main.c:335:6:Motor_SetSpeed	16	static
../Core/Src/main.c:343:6:Motor_SetForward	4	static
../Core/Src/main.c:349:6:Motor_Stop	8	static
../Core/Src/main.c:354:6:Motor_Init_All	8	static
../Core/Src/main.c:361:6:Motor_Button_Update	16	static
../Core/Src/main.c:442:6:Encoder_Init	4	static
../Core/Src/main.c:462:9:Encoder_ReadCount	4	static
../Core/Src/main.c:466:6:Speed_Update	24	static
../Core/Src/main.c:494:6:Warning_Update	8	static
../Core/Src/main.c:508:6:PID_Control_Update	24	static
../Core/Src/main.c:535:6:TIM4_10ms_Init	8	static
../Core/Src/main.c:548:6:TIM4_IRQHandler	8	static
../Core/Src/main.c:577:5:main	8	static
../Core/Src/main.c:603:6:SystemClock_Config	72	static
../Core/Src/main.c:630:6:Error_Handler	4	static,ignoring_inline_asm
