../Drivers/CMSIS/Include/core_cm3.h:1511:22:__NVIC_EnableIRQ	16	static
../Drivers/CMSIS/Include/core_cm3.h:1639:22:__NVIC_SetPriority	16	static
../Core/Src/main.c:101:6:delay_ms	24	static
../Core/Src/main.c:107:6:LED_On	4	static
../Core/Src/main.c:112:6:LED_Off	4	static
../Core/Src/main.c:116:6:Motor_Stuck_LED_On	4	static
../Core/Src/main.c:121:6:Motor_Stuck_LED_Off	4	static
../Core/Src/main.c:125:6:GPIO_Init_All	4	static
../Core/Src/main.c:145:6:I2C1_Init	4	static
../Core/Src/main.c:161:6:I2C1_Recover	16	static
../Core/Src/main.c:177:9:I2C1_Write	24	static
../Core/Src/main.c:258:9:LCD_Pulse	16	static
../Core/Src/main.c:269:9:LCD_Send4Bit	16	static
../Core/Src/main.c:274:9:LCD_Data	16	static
../Core/Src/main.c:285:6:LCD_Init	8	static
../Core/Src/main.c:308:9:LCD_SetCursor	16	static
../Core/Src/main.c:316:9:LCD_Print	16	static
../Core/Src/main.c:327:9:LCD_Command	16	static
../Core/Src/main.c:341:9:LCD_ShowSpeed	48	static
../Core/Src/main.c:366:6:Motor_GPIO_Init	4	static
../Core/Src/main.c:386:6:Motor_PWM_Init	4	static
../Core/Src/main.c:406:6:Motor_SetSpeed	16	static
../Core/Src/main.c:415:6:Motor_SetForward	4	static
../Core/Src/main.c:421:6:Motor_Stop	8	static
../Core/Src/main.c:426:6:Motor_Init_All	8	static
../Core/Src/main.c:435:6:Motor_Button_Update	16	static
../Core/Src/main.c:485:6:Encoder_Init	4	static
../Core/Src/main.c:518:9:Encoder_ReadCount	4	static
../Core/Src/main.c:524:6:Speed_Update	24	static
../Core/Src/main.c:557:6:Warning_Update	16	static
../Core/Src/main.c:606:6:PID_Control_Update	24	static
../Core/Src/main.c:636:6:TIM4_10ms_Init	8	static
../Core/Src/main.c:655:6:TIM4_IRQHandler	8	static
../Core/Src/main.c:676:5:main	8	static
../Core/Src/main.c:705:6:SystemClock_Config	72	static
../Core/Src/main.c:745:6:Error_Handler	4	static,ignoring_inline_asm
